------------------------------------------------------------
TimeQuest Timing Analyzer Summary
------------------------------------------------------------

Type  : Slow Model Setup 'CLOCK_50'
Slack : -2.589
TNS   : -37.589

Type  : Slow Model Setup 'clock_conv:cc|OUT_1Hz'
Slack : -1.519
TNS   : -13.366

Type  : Slow Model Setup 'clock_conv:cc|aux'
Slack : -0.208
TNS   : -0.372

Type  : Slow Model Hold 'clock_conv:cc|OUT_1Hz'
Slack : 0.391
TNS   : 0.000

Type  : Slow Model Hold 'clock_conv:cc|aux'
Slack : 0.391
TNS   : 0.000

Type  : Slow Model Hold 'CLOCK_50'
Slack : 0.797
TNS   : 0.000

Type  : Slow Model Minimum Pulse Width 'CLOCK_50'
Slack : -1.380
TNS   : -25.380

Type  : Slow Model Minimum Pulse Width 'clock_conv:cc|OUT_1Hz'
Slack : -0.500
TNS   : -12.000

Type  : Slow Model Minimum Pulse Width 'clock_conv:cc|aux'
Slack : -0.500
TNS   : -5.000

Type  : Fast Model Setup 'CLOCK_50'
Slack : -0.698
TNS   : -6.452

Type  : Fast Model Setup 'clock_conv:cc|OUT_1Hz'
Slack : -0.235
TNS   : -1.285

Type  : Fast Model Setup 'clock_conv:cc|aux'
Slack : 0.439
TNS   : 0.000

Type  : Fast Model Hold 'clock_conv:cc|OUT_1Hz'
Slack : 0.215
TNS   : 0.000

Type  : Fast Model Hold 'clock_conv:cc|aux'
Slack : 0.215
TNS   : 0.000

Type  : Fast Model Hold 'CLOCK_50'
Slack : 0.357
TNS   : 0.000

Type  : Fast Model Minimum Pulse Width 'CLOCK_50'
Slack : -1.380
TNS   : -25.380

Type  : Fast Model Minimum Pulse Width 'clock_conv:cc|OUT_1Hz'
Slack : -0.500
TNS   : -12.000

Type  : Fast Model Minimum Pulse Width 'clock_conv:cc|aux'
Slack : -0.500
TNS   : -5.000

------------------------------------------------------------
